.venv/Scripts/python.e
xe : .F
At line:1 char:1
+ .venv/Scripts/python
.exe tests/verify_smar
t_dag.py > 
test_output.txt  ...
+ ~~~~~~~~~~~~~~~~~~~~
~~~~~~~~~~~~~~~~~~~~~~
~~~~~~~~~~~~~~~~~~~~~~
~~~~~
    + CategoryInfo    
          : NotSpeci  
  fied: (.F:String)   
  [], RemoteExcept    
ion
    + FullyQualifiedE 
   rrorId : NativeCo  
  mmandError
 
======================
======================
======================
====
FAIL: 
test_rich_tooltip (__m
ain__.TestSmartDAG.tes
t_rich_tooltip)
----------------------
----------------------
----------------------
----
Traceback (most 
recent call last):
  File "C:\Users\kasey
_rbdvj6f\Directed 
Acyclic Graph (DAG)\te
sts\verify_smart_dag.p
y", line 85, in 
test_rich_tooltip
    self.assertIn("<h3
>Node A</h3>", 
tooltip)
    ~~~~~~~~~~~~~^^^^^
^^^^^^^^^^^^^^^^^^^^^^
^
AssertionError: 
'<h3>Node A</h3>' not 
found in "<h3 style='c
olor:white;'>Node 
A</h3><div style='colo
r:#ccc;'>Type: 
None</div><hr><div sty
le='background-color:#
333; padding:5px; bord
er-radius:4px;'><i>Sam
ple Note</i></div>"

----------------------
----------------------
----------------------
----
Ran 2 tests in 0.362s

FAILED (failures=1)
Initial: A=True, B=True, C=True
Collapsing A...
After Collapse A: A=True, B=False, C=False
Expanding A...
After Expand A: A=True, B=True, C=True
